INPUT:
```json
{
  "description": "All sign/verify/gate call sites in the Rust workspace",
  "source_root": "/home/hcbusy/webhash/foretias/p2p",
  "test": "crypto_callsite_snapshot"
}
```
[0] RESULT:
```json
core-engine/src/chronomatter/mod.rs                              147  sign    /// // SIGN(local-tbid, fast-key+slow-key)
core-engine/src/chronomatter/mod.rs                              148  sign    pub fn sign_tbid_message(
core-engine/src/chronomatter/mod.rs                              157  sign    .sign(msg)
core-engine/src/chronomatter/mod.rs                              199  sign    let sig = kp.priv_key.sign(msg).map_err(NodeError::Crypto)?;
core-engine/src/chronomatter/mod.rs                              258  sign    let genesis_sig = secret.sign(&genesis_blob).map_err(NodeError::Crypto)?;
core-engine/src/chronomatter/mod.rs                              451  gate    unprocessed: crate::foretias::clean_auth::UnverifiedSignatureEnvelope<
core-engine/src/chronomatter/mod.rs                              659  verify  .verify(
core-engine/src/chronomatter/mod.rs                              675  verify  .verify(
core-engine/src/collision/detector.rs                             60  verify  .verify_ed25519(&self.my_pub_key, &hb.canonical(), &sig)
core-engine/src/collision/detector.rs                             96  sign    let sig = server.sign(&hb.canonical()).unwrap();
core-engine/src/core/signing.rs                                   29  sign    handle.sign(msg)
core-engine/src/crypto_server/mod.rs                             132  sign    fn sign_with(&self, msg: &[u8], alg: SignatureAlgorithm)
core-engine/src/crypto_server/mod.rs                             140  verify  fn verify_ed25519(
core-engine/src/crypto_server/mod.rs                             149  verify  fn verify_p256(
core-engine/src/crypto_server/mod.rs                             158  verify  fn verify_with(
core-engine/src/crypto_server/signing_tbid.rs                     69  sign    pub fn tbid_sign(secret_key: &SignatureBytes, msg: &[u8]) -> Result<SignatureByt
core-engine/src/crypto_server/software.rs                        178  sign    fn sign_with(
core-engine/src/crypto_server/software.rs                        185  sign    let sig = self.sign(msg)?;
core-engine/src/crypto_server/software.rs                        214  verify  fn verify_ed25519(
core-engine/src/crypto_server/software.rs                        223  verify  fn verify_p256(
core-engine/src/crypto_server/software.rs                        232  verify  fn verify_with(
core-engine/src/crypto_server/software.rs                        246  verify  self.verify_ed25519(
core-engine/src/foretias/clean_auth.rs                            98  gate    pub struct UnverifiedSignatureEnvelope<T> {
core-engine/src/foretias/clean_auth.rs                           102  gate    pub type DontUse<T> = UnverifiedSignatureEnvelope<T>;
core-engine/src/foretias/clean_auth.rs                           104  gate    impl<T> UnverifiedSignatureEnvelope<T> {
core-engine/src/foretias/clean_auth.rs                           124  gate    impl<T: serde::de::DeserializeOwned> UnverifiedSignatureEnvelope<T> {
core-engine/src/foretias/clean_auth.rs                           140  gate    impl<T> TrustedInner<T> for UnverifiedSignatureEnvelope<T> {
core-engine/src/foretias/clean_auth.rs                           155  gate    impl<T: BaseRecord> UnverifiedSignatureEnvelope<T> {
core-engine/src/foretias/clean_auth.rs                           203  verify  .verify_with(
core-engine/src/foretias/clean_auth.rs                           313  gate    pub fn from_dual_verified(inner: T) -> Self {
core-engine/src/foretias/clean_auth.rs                           560  gate    impl UnverifiedSignatureEnvelope<ChrononRecord> {
core-engine/src/foretias/clean_auth.rs                           638  verify  self.verify(crypto, Some(prev))
core-engine/src/foretias/clean_auth.rs                           646  verify  self.verify(crypto, None)
core-engine/src/foretias/clean_auth.rs                           694  gate    impl UnverifiedSignatureEnvelope<ForetisRecord> {
core-engine/src/foretias/clean_auth.rs                           822  verify  self.verify(crypto, record, content)
core-engine/src/foretias/clean_auth.rs                           893  gate    impl UnverifiedSignatureEnvelope<EpochSnapshotRecord> {
core-engine/src/foretias/clean_auth.rs                           938  verify  self.verify(crypto, committee_pubkeys, threshold)
core-engine/src/foretias/clean_auth.rs                           978  gate    impl UnverifiedSignatureEnvelope<FamilyRecord> {
core-engine/src/foretias/clean_auth.rs                           994  gate    Ok(CleanFullyAuthenticated::from_dual_verified(ca.into_inner()))
core-engine/src/foretias/clean_auth.rs                          1204  gate    let _up: UnverifiedSignatureEnvelope<ChrononRecord> =
core-engine/src/foretias/clean_auth.rs                          1224  gate    let ca: CleanAuthenticated<u32> = CleanAuthenticated::from_trusted(42u32);
core-engine/src/foretias/clean_auth.rs                          1230  gate    let cfa: CleanFullyAuthenticated<u32> = CleanFullyAuthenticated::from_dual_verif
core-engine/src/foretias/clean_auth.rs                          1237  gate    let cfa: CleanFullyAuthenticated<u32> = CleanFullyAuthenticated::from_dual_verif
core-engine/src/foretias/family_record.rs                        115  verify  let valid = crypto.verify_ed25519(
core-engine/src/foretias/tick.rs                                 395  sign    let signature = server.sign(&sig_input)?;
core-engine/src/foretias/tick.rs                                 426  verify  Ok(server.verify_with(&rec.public_key, signature_algorithm, &sig_input, signatur
core-engine/src/foretias/tick.rs                                 538  verify  let forward_valid = crypto.verify_with(
core-engine/src/foretias/tick.rs                                 545  verify  let backward_valid = crypto.verify_with(
core-engine/src/foretias/tick.rs                                 886  sign    let sig = server.sign(&attest_blob).unwrap();
core-engine/src/foretias/tick.rs                                 936  sign    let sig = server.sign(&attest_blob).unwrap();
core-engine/src/foretias/types.rs                                128  sign    signing_tbid::tbid_sign(&SignatureBytes::from(secret_array), message)
core-engine/src/integration_tests.rs                              23  sign    .sign_with(msg, SignatureAlgorithm::SPHINCS_SHA2_128S)
core-engine/src/integration_tests.rs                              28  verify  .verify_with(&sphincs_pk, "SPHINCS+-SHA2-128s-simple", msg, &sig)
core-engine/src/integration_tests.rs                              38  sign    .sign_with(msg, SignatureAlgorithm::Dilithium3)
core-engine/src/integration_tests.rs                              43  verify  .verify_with(&dilithium_pk, "Dilithium3", msg, &sig)
core-engine/src/integration_tests.rs                              52  sign    let sig = server.sign_with(msg, SignatureAlgorithm::Ed25519).unwrap();
core-engine/src/integration_tests.rs                              58  verify  let valid = server.verify_with(&pk, "Ed25519", msg, &sig).unwrap();
core-engine/src/integration_tests.rs                              69  sign    .sign_with(msg, SignatureAlgorithm::SPHINCS_SHA2_128S)
core-engine/src/integration_tests.rs                              74  verify  .verify_with(&sphincs_pk, "SPHINCS+-SHA2-128s-simple", msg, &sig)
core-engine/src/integration_tests.rs                              86  sign    .sign_with(msg, SignatureAlgorithm::Dilithium3)
core-engine/src/integration_tests.rs                              91  verify  .verify_with(&dilithium_pk, "Dilithium3", msg, &sig)
core-engine/src/integration_tests.rs                             101  sign    .sign_with(msg, SignatureAlgorithm::SPHINCS_SHA2_128S)
core-engine/src/integration_tests.rs                             108  verify  .verify_with(&sphincs_pk, "SPHINCS+-SHA2-128s-simple", msg, &sig)
core-engine/src/integration_tests.rs                             118  sign    .sign_with(msg, SignatureAlgorithm::Dilithium3)
core-engine/src/integration_tests.rs                             125  verify  .verify_with(&dilithium_pk, "Dilithium3", msg, &sig)
core-engine/src/integration_tests.rs                             138  sign    .sign_with(msg, SignatureAlgorithm::SPHINCS_SHA2_128S)
core-engine/src/integration_tests.rs                             142  verify  .verify_with(&fake_pk, "SPHINCS+-SHA2-128s-simple", msg, &sig)
core-engine/src/integration_tests.rs                             147  sign    .sign_with(msg, SignatureAlgorithm::Dilithium3)
core-engine/src/integration_tests.rs                             151  verify  .verify_with(&fake_pk, "Dilithium3", msg, &sig)
core-engine/src/integration_tests.rs                             160  sign    let sig = server.sign_with(msg, SignatureAlgorithm::Ed25519).unwrap();
core-engine/src/integration_tests.rs                             163  verify  let result = server.verify_with(&sphincs_pk, "Ed25519", msg, &sig);
core-engine/src/integration_tests.rs                             184  sign    .sign_with(msg_a, SignatureAlgorithm::SPHINCS_SHA2_128S)
core-engine/src/integration_tests.rs                             188  verify  .verify_with(&pk_a, "SPHINCS+-SHA2-128s-simple", msg_a, &sig_a)
core-engine/src/integration_tests.rs                             193  sign    .sign_with(msg_b, SignatureAlgorithm::Dilithium3)
core-engine/src/integration_tests.rs                             197  verify  .verify_with(&pk_b, "Dilithium3", msg_b, &sig_b)
core-engine/src/integration_tests.rs                             211  sign    .sign_with(msg, SignatureAlgorithm::SPHINCS_SHA2_128S)
core-engine/src/integration_tests.rs                             215  verify  .verify_with(&pk_a, "SPHINCS+-SHA2-128s-simple", msg, &sig_a)
core-engine/src/integration_tests.rs                             218  verify  .verify_with(&pk_a, "SPHINCS+-SHA2-128s-simple", msg, &sig_a)
core-engine/src/integration_tests.rs                             222  sign    .sign_with(msg, SignatureAlgorithm::Dilithium3)
core-engine/src/integration_tests.rs                             226  verify  .verify_with(&pk_b, "Dilithium3", msg, &sig_b)
core-engine/src/integration_tests.rs                             229  verify  .verify_with(&pk_b, "Dilithium3", msg, &sig_b)
core-engine/src/integration_tests.rs                             233  sign    .sign_with(msg, SignatureAlgorithm::Ed25519)
core-engine/src/integration_tests.rs                             239  verify  assert!(server_a.verify_with(&pk_c, "Ed25519", msg, &sig_c).unwrap());
core-engine/src/integration_tests.rs                             240  verify  assert!(server_b.verify_with(&pk_c, "Ed25519", msg, &sig_c).unwrap());
core-engine/src/integration_tests.rs                             248  sign    let ed_sig = server.sign_with(msg, SignatureAlgorithm::Ed25519).unwrap();
core-engine/src/integration_tests.rs                             252  sign    .sign_with(msg, SignatureAlgorithm::SPHINCS_SHA2_128S)
core-engine/src/integration_tests.rs                             257  sign    .sign_with(msg, SignatureAlgorithm::Dilithium3)
core-engine/src/integration_tests.rs                             398  sign    let sig = signer.sign_with(msg, alg).unwrap();
core-engine/src/integration_tests.rs                             410  verify  .verify_with(&pk, alg.to_id_string(), msg, &sig)
core-engine/src/integration_tests.rs                             416  verify  .verify_with(&pk, "SPHINCS+-SHA2-128s-simple", msg, &sig)
core-engine/src/integration_tests.rs                             421  verify  verifier.verify_with(&pk, "Dilithium3", msg, &sig).unwrap()
core-engine/src/integration_tests.rs                             426  verify  .verify_with(&pk, "SPHINCS+-SHA2-256f-simple", msg, &sig)
core-engine/src/integration_tests.rs                             527  verify  let result = server.verify_with(&fake_pk, "UNKNOWN-ALGO", msg, &fake_sig);
core-engine/src/probity/report.rs                                125  gate    impl UnverifiedSignatureEnvelope<ProbityReportRecord> {
core-engine/src/probity/report.rs                                171  verify  .verify_with(&public_key, "Ed25519", &canonical, &report.signature)
core-engine/src/probity/report.rs                                178  gate    Ok(CleanAuthenticated::from_trusted(self.into_inner()))
core-engine/src/probity/report.rs                                186  verify  self.verify(crypto)
core-engine/src/probity/report.rs                                220  verify  .verify_with(&public_key, "Ed25519", &canonical, &report.signature)
core-engine/src/probity/report.rs                                240  gate    Ok(CleanFullyAuthenticated::from_dual_verified(
core-engine/src/probity/report.rs                                314  sign    let sig = crypto.sign(&canonical).unwrap();
core-engine/src/snapshot_signature.rs                            112  sign    let signature: Signature = signing_key.sign(content.as_bytes());
foretias-client/src/foretias.rs                                  381  verify  let result = cm.verify(
foretias-client/src/foretias.rs                                  707  verify  let verified = client.verify(content, &foretis, &sig, &alg).await.unwrap();
foretias-client/src/foretias.rs                                  719  verify  .verify(b"tampered", &foretis, &sig, &alg)
foretias-server/src/calendar/mod.rs                              231  sign    let sig = key.sign(foretis_bytes)?;
foretias-server/src/calendar/task_queue.rs                       272  sign    match key.sign(data) {
foretias-server/src/calendar_store/mod.rs                        230  gate    return Some(CleanAuthenticated::from_trusted(record));
foretias-server/src/calendar_store/mod.rs                        280  gate    found.push((cn, CleanAuthenticated::from_trusted(record)));
foretias-server/src/communerd/communerdette.rs                   286  gate    foretias_core::foretias::clean_auth::UnverifiedSignatureEnvelope<ChannelBinding>
foretias-server/src/communerd/communerdette.rs                   297  verify  /// // VERIFY(remote-tbid, fast-key)
foretias-server/src/communerd/communerdette.rs                   307  verify  /// // VERIFY(remote-tbid, slow-key)
foretias-server/src/communerd/communerdette.rs                   317  verify  /// // VERIFY(remote-tbid, fast-key+slow-key)
foretias-server/src/communerd/communerdette.rs                   343  verify  .verify_with(
foretias-server/src/communerd/communerdette.rs                   367  verify  .verify_with(
foretias-server/src/communerd/communerdette.rs                   418  gate    foretias_core::foretias::clean_auth::CleanFullyAuthenticated::from_dual_verified
foretias-server/src/communerd/communerdette.rs                  1157  gate    fn gate_chronon_records(
foretias-server/src/communerd/communerdette.rs                  1188  verify  .verify(crypto, None)
foretias-server/src/communerd/communerdette.rs                  1215  gate    fn gate_foretis(
foretias-server/src/communerd/communerdette.rs                  1221  gate    let unprocessed: Result<UnverifiedSignatureEnvelope<ForetisRecord>, _> =
foretias-server/src/communerd/communerdette.rs                  1261  verify  .verify(&*self.crypto, chronon_record, content)
foretias-server/src/communerd/communerdette.rs                  1288  gate    executor.gate_chronon_records(raw)
foretias-server/src/communerd/communerdette.rs                  1334  gate    executor.gate_foretis(raw, &chronon_record, &content)
foretias-server/src/communerd/communerdette.rs                  1475  verify  // VERIFY(remote-tbid, fast-key+slow-key)
foretias-server/src/communerd/communerdette.rs                  1624  verify  /// // VERIFY(remote-tbid, fast-key)
foretias-server/src/communerd/communerdette.rs                  1651  verify  // VERIFY(remote-tbid, fast-key)
foretias-server/src/communerd/communerdette.rs                  1653  verify  .verify_with(&target_tbid.ed25519_public_key(), "Ed25519", &msg, &sig)
foretias-server/src/communerd/communerdette.rs                  1662  gate    Ok(CleanAuthenticated::from_trusted(self.inner))
foretias-server/src/communerd/communerdette.rs                  1723  verify  let ok = match unprocessed.verify(
foretias-server/src/communerd/communerdette.rs                  2258  gate    std::mem::size_of::<UnverifiedSignatureEnvelope<u8>>() > 0
foretias-server/src/communerd/communerdette.rs                  2538  gate    let result = executor.gate_chronon_records(vec![bad_record]);
foretias-server/src/communerd/communerdette.rs                  2577  gate    let result = executor.gate_chronon_records(vec![bad_record]);
foretias-server/src/communerd/communerdette.rs                  2608  gate    let result = executor.gate_chronon_records(vec![record]);
foretias-server/src/communerd/communerdette.rs                  2646  gate    let result = executor.gate_chronon_records(vec![record]);
foretias-server/src/communerd/communerdette.rs                  2657  gate    CleanAuthenticated::from_trusted(make_test_chronon_record(tbid, 1))
foretias-server/src/communerd/communerdette.rs                  2696  gate    let result = executor.gate_foretis(json, &rec, b"");
foretias-server/src/communerd/communerdette.rs                  2737  gate    let result = executor.gate_foretis(json, &rec, b"");
foretias-server/src/communerd/communerdette.rs                  2778  gate    let result = executor.gate_foretis(json, &rec, b"");
foretias-server/src/communerd/communerdette.rs                  2812  gate    let result = executor.gate_foretis(json, &rec, b"");
foretias-server/src/communerd/communerdette.rs                  2855  sign    .sign_with(&sig_input, SignatureAlgorithm::Ed25519)
foretias-server/src/communerd/communerdette.rs                  2860  gate    let chronon_record = CleanAuthenticated::from_trusted(
foretias-server/src/communerd/communerdette.rs                  2905  gate    let result = executor.gate_foretis(json, &chronon_record, content);
foretias-server/src/communerd/communerdette.rs                  2933  gate    let chronon_record = CleanAuthenticated::from_trusted(
foretias-server/src/communerd/communerdette.rs                  2980  gate    let result = executor.gate_foretis(json, &chronon_record, content);
foretias-server/src/communerd/communerdette.rs                  3016  gate    executor.gate_foretis(serde_json::Value::String("not an object".into()), &rec, b
foretias-server/src/communerd/communerdette.rs                  3323  gate    let result = executor.gate_chronon_records(vec![record1, record2]);
foretias-server/src/communerd/communerdette.rs                  3355  gate    let chronon_record = CleanAuthenticated::from_trusted(
foretias-server/src/communerd/communerdette.rs                  3401  gate    let result = executor.gate_foretis(json, &chronon_record, content);
foretias-server/src/communerd/communerdette.rs                  3425  sign    let combined = tbid_secret.sign(&msg).expect("sign");
foretias-server/src/communerd/communerdette.rs                  3721  sign    .sign_with(
foretias-server/src/communerd/communerdette.rs                  3861  sign    // SIGN(report → host_sign_probity_report)
foretias-server/src/communerd/communerdette.rs                  4121  sign    // SIGN(challenge || target_tbid_hex)
foretias-server/src/communerd/communerdette.rs                  4123  sign    .sign_with(
foretias-server/src/communerd/communerdette.rs                  4494  sign    // SIGN(foretis_sig_input_bytes)
foretias-server/src/communerd/communerdette.rs                  4496  sign    .sign_with(
foretias-server/src/communerd/communerdette.rs                  4767  sign    .sign_with(
foretias-server/src/communerd/communerdette.rs                  4848  sign    .sign_with(
foretias-server/src/communerd/mod.rs                             348  verify  .verify_with(&pubkey[..32], "Ed25519", &canonical, &record.signature)
foretias-server/src/communerd/mod.rs                             819  sign    if let Ok(sig) = crypto.sign(&hb.canonical()) {
foretias-server/src/communerd/mod.rs                            1063  sign    if let Ok(sig) = crypto.sign(&report.canonical()) {
foretias-server/src/communerd/mod.rs                            1154  sign    .sign(&canonical)
foretias-server/src/communerd/mod.rs                            1253  sign    match crypto.sign(&canonical) {
foretias-server/src/communerd/mod.rs                            1715  sign    .sign(&canonical)
foretias-server/src/communerd/p2p/tbid_handshake.rs               96  sign    .sign(&signed_payload)
foretias-server/src/communerd/p2p/tbid_handshake.rs              124  verify  .verify_ed25519(
foretias-server/src/communerd/p2p/tbid_handshake.rs              255  sign    let sig = crypto2.sign(&short_payload).expect("sign short payload");
foretias-server/src/main.rs                                      630  verify  .verify(&content, &foretis, &signature_bytes, sig_alg)
foretias-server/src/probity/gossip_handler.rs                     89  verify  match envelope.verify(crypto) {
foretias-server/src/probity/gossip_handler.rs                    150  verify  .verify_with(&public_key, "Ed25519", &canonical, report.signature())
foretias-server/src/probity/gossip_handler.rs                    211  sign    let sig = crypto.sign(&canonical).unwrap();
foretias-server/src/probity/gossip_handler.rs                    325  sign    let sig = crypto.sign(&canonical).unwrap();
foretias-server/src/probity/gossip_handler.rs                    366  sign    let sig = crypto.sign(&canonical).unwrap();
foretias-server/src/server/handlers.rs                           375  gate    unproc_foretis: &UnverifiedSignatureEnvelope<ForetisRecord>,
foretias-server/src/server/handlers.rs                           483  sign    /// // SIGN(local-tbid, fast-key+slow-key)
foretias-server/src/server/handlers.rs                           511  sign    let combined_sig = match server.sign_tbid_message(&msg) {
foretias-server/src/server/handlers.rs                           541  sign    /// // SIGN(local-tbid, fast-key)
foretias-server/src/server/handlers.rs                           562  sign    let combined_sig = match server.sign_tbid_message(&msg) {
foretias-server/src/server/handlers.rs                           802  gate    let unprocessed: Result<Vec<UnverifiedSignatureEnvelope<ChrononRecord>>, _> = ra
foretias-server/src/server/handlers.rs                          1283  gate    let unprocessed: Result<Vec<UnverifiedSignatureEnvelope<ChrononRecord>>, _> = ra
foretias-server/src/server/mod.rs                                195  sign    /// // SIGN(local-tbid, fast-key+slow-key)
foretias-server/src/server/mod.rs                                196  sign    pub fn sign_tbid_message(
foretias-server/src/server/mod.rs                                201  sign    self.chronomatter.sign_tbid_message(msg)
foretias-server/tests/client_ptp.rs                               58  verify  .verify(b"hello world", &foretis, &sig, &alg)
foretias-server/tests/client_ptp.rs                               78  verify  .verify(content, &foretis, &sig, &alg)
foretias-server/tests/client_ptp.rs                               84  verify  .verify(b"tampered content", &foretis, &sig, &alg)
foretias-server/tests/crypto_callsite_snapshot.rs                 19  sign    "sign_with(",
foretias-server/tests/crypto_callsite_snapshot.rs                 20  sign    ".sign(",
foretias-server/tests/crypto_callsite_snapshot.rs                 21  sign    "sign_tbid_message(",
foretias-server/tests/crypto_callsite_snapshot.rs                 22  sign    "tbid_sign(",
foretias-server/tests/crypto_callsite_snapshot.rs                 24  sign    "// SIGN(",
foretias-server/tests/crypto_callsite_snapshot.rs                 28  verify  "verify_with(",
foretias-server/tests/crypto_callsite_snapshot.rs                 29  verify  "verify_ed25519(",
foretias-server/tests/crypto_callsite_snapshot.rs                 30  verify  "verify_p256(",
foretias-server/tests/crypto_callsite_snapshot.rs                 31  verify  ".verify(",
foretias-server/tests/crypto_callsite_snapshot.rs                 33  verify  "// VERIFY(",
foretias-server/tests/crypto_callsite_snapshot.rs                 37  gate    "CleanAuthenticated::from_trusted(",
foretias-server/tests/crypto_callsite_snapshot.rs                 38  gate    "CleanFullyAuthenticated::from_dual_verified(",
foretias-server/tests/crypto_callsite_snapshot.rs                 39  gate    "UnverifiedSignatureEnvelope<",
foretias-server/tests/crypto_callsite_snapshot.rs                 40  gate    "gate_foretis(",
foretias-server/tests/crypto_callsite_snapshot.rs                 41  gate    "gate_chronon_records(",
foretias-server/tests/crypto_callsite_snapshot.rs                 42  gate    "from_dual_verified(",
foretias-server/tests/crypto_callsite_snapshot.rs                 93  sign    && !trimmed.contains("// SIGN(")
foretias-server/tests/crypto_callsite_snapshot.rs                 94  verify  && !trimmed.contains("// VERIFY(")
foretias-server/tests/dht_record_signature.rs                     70  sign    let sig = crypto.sign(&canonical).expect("sign canonical payload");
foretias-server/tests/dht_record_signature.rs                     91  sign    let sig = crypto.sign(&canonical).expect("sign canonical payload");
foretias-server/tests/dht_record_signature.rs                    123  sign    let sig = crypto_a.sign(&canonical).expect("sign with key A");
foretias-server/tests/dht_record_signature.rs                    182  sign    let sig = crypto.sign(&canonical).expect("sign canonical payload");
foretias-server/tests/dht_record_signature.rs                    203  sign    let sig = crypto.sign(&canonical).expect("sign canonical payload");
foretias-server/tests/dht_record_signature.rs                    224  sign    let sig = crypto.sign(&canonical).expect("sign canonical payload");
foretias-server/tests/dht_record_signature.rs                    233  sign    let sig2 = crypto.sign(&canonical2).expect("re-sign after mutation");
foretias-server/tests/e2e_verification.rs                         89  gate    let _up: UnverifiedSignatureEnvelope<ChrononRecord> =
foretias-server/tests/snapshot_tests.rs                           74  verify  .verify(&foretis, &sig, &alg, msg.as_bytes(), server.calendar())
```
COMMENTS:
```markdown
crypto_callsite_snapshot — update with UPDATE_SNAPSHOT=1 when adding new crypto call sites
```
SIGNATURES:
Public key: 4193efbf702cde19fbae087ea53189f67e7768ebe888e0816e24a27282a5b030
Input signature: XjHNYkZ6L7a87pFmkmHyBj39ofhWg0Gh2EmeGLitRFPtupEN6ZFsd0Nl+Sx3sbFTcEuWuPCDF+duRzvKVNFzAQ==
Result signature: z/94ajNIdiEq1AFaApCh1aDPZADfFEs2+gbYbx8Gq876Iev1eRwAA04eQS0R1wb4LX++LnfqGhBlpzJ8D1ePCQ==
Comments signature: 6ULA6l7dvjp1uMUhM5aSrxIoPLed7grsrnduO+WGEFqHW6L3Q9VSbTkUtlFMqiHfqUfR1h9nKTXNNs4ZJgECCg==